com\siri\proj\java\onlinevegetablesale\ctrl\CustomerController.class
com\siri\proj\java\onlinevegetablesale\service\UserService.class
com\siri\proj\java\onlinevegetablesale\repository\AddressRepository.class
com\siri\proj\java\onlinevegetablesale\ctrl\BillingDetailsController.class
com\siri\proj\java\onlinevegetablesale\service\AdminService.class
com\siri\proj\java\onlinevegetablesale\entity\User.class
com\siri\proj\java\onlinevegetablesale\entity\Order.class
com\siri\proj\java\onlinevegetablesale\entity\VegetableDTO.class
com\siri\proj\java\onlinevegetablesale\repository\VegetableDTORepository.class
com\siri\proj\java\onlinevegetablesale\ctrl\AdminController.class
com\siri\proj\java\onlinevegetablesale\entity\Customer.class
com\siri\proj\java\onlinevegetablesale\service\FeedbackService.class
com\siri\proj\java\onlinevegetablesale\service\OrderService.class
com\siri\proj\java\onlinevegetablesale\entity\BillingDetails.class
com\siri\proj\java\onlinevegetablesale\repository\AdminRepository.class
com\siri\proj\java\onlinevegetablesale\ctrl\VegetableDTOController.class
com\siri\proj\java\onlinevegetablesale\entity\Address.class
com\siri\proj\java\onlinevegetablesale\repository\UserRepository.class
com\siri\proj\java\onlinevegetablesale\service\CartService.class
com\siri\proj\java\onlinevegetablesale\repository\BillingDetailsRepository.class
com\siri\proj\java\onlinevegetablesale\ctrl\AddressController.class
com\siri\proj\java\onlinevegetablesale\ctrl\FeedbackController.class
com\siri\proj\java\onlinevegetablesale\repository\CartRepository.class
com\siri\proj\java\onlinevegetablesale\service\CustomerService.class
com\siri\proj\java\onlinevegetablesale\SwaggerConfig.class
com\siri\proj\java\onlinevegetablesale\ctrl\OrderController.class
com\siri\proj\java\onlinevegetablesale\ctrl\UserController.class
com\siri\proj\java\onlinevegetablesale\repository\OrderRepository.class
com\siri\proj\java\onlinevegetablesale\entity\Admin.class
com\siri\proj\java\onlinevegetablesale\service\AddressService.class
com\siri\proj\java\onlinevegetablesale\entity\Feedback.class
com\siri\proj\java\onlinevegetablesale\OnlinevegetablesaleApplication.class
com\siri\proj\java\onlinevegetablesale\repository\CustomerRepository.class
com\siri\proj\java\onlinevegetablesale\service\VegetableDTOService.class
com\siri\proj\java\onlinevegetablesale\repository\FeedbackRepository.class
com\siri\proj\java\onlinevegetablesale\entity\Cart.class
com\siri\proj\java\onlinevegetablesale\service\BillingDetailsService.class
com\siri\proj\java\onlinevegetablesale\ctrl\CartController.class
